--------------------------------------------------------------------------------------
Timing Analyzer Summary
--------------------------------------------------------------------------------------

Type           : Worst-case tsu
Slack          : N/A
Required Time  : None
Actual Time    : 7.984 ns
From           : SONAR_ECHO
To             : SONAR:inst54|SONAR_RESULT[5][10]
From Clock     : --
To Clock       : CLOCK_50
Failed Paths   : 0

Type           : Worst-case tco
Slack          : N/A
Required Time  : None
Actual Time    : 12.467 ns
From           : QUAD_HEX:inst57|HEX_DISP:inst22|latched_hex[0]
To             : HEX1[0]
From Clock     : CLOCK_50
To Clock       : --
Failed Paths   : 0

Type           : Worst-case tpd
Slack          : N/A
Required Time  : None
Actual Time    : 11.714 ns
From           : ALIVE
To             : LEDG[8]
From Clock     : --
To Clock       : --
Failed Paths   : 0

Type           : Worst-case th
Slack          : N/A
Required Time  : None
Actual Time    : 2.012 ns
From           : SW[6]
To             : DIG_IN:inst5|B_DI[6]
From Clock     : --
To Clock       : CLOCK_50
Failed Paths   : 0

Type           : Clock Setup: 'altpll0:inst|altpll:altpll_component|_clk2'
Slack          : 0.796 ns
Required Time  : 100.00 MHz ( period = 10.000 ns )
Actual Time    : N/A
From           : VEL_CONTROL:inst51|MOTOR_CMD[10]
To             : VEL_CONTROL:inst51|MOTOR_PHASE
From Clock     : altpll0:inst|altpll:altpll_component|_clk1
To Clock       : altpll0:inst|altpll:altpll_component|_clk2
Failed Paths   : 0

Type           : Clock Setup: 'altpll0:inst|altpll:altpll_component|_clk1'
Slack          : 4.686 ns
Required Time  : 25.00 MHz ( period = 40.000 ns )
Actual Time    : 28.32 MHz ( period = 35.314 ns )
From           : ODOMETRY:inst53|LPOS[2]
To             : ODOMETRY:inst53|THETA[15]
From Clock     : altpll0:inst|altpll:altpll_component|_clk1
To Clock       : altpll0:inst|altpll:altpll_component|_clk1
Failed Paths   : 0

Type           : Clock Setup: 'altpll0:inst|altpll:altpll_component|_clk0'
Slack          : 11.720 ns
Required Time  : 12.50 MHz ( period = 80.000 ns )
Actual Time    : N/A
From           : TIMER:inst20|COUNT[0]
To             : SCOMP:inst8|AC[0]
From Clock     : altpll0:inst|altpll:altpll_component|_clk1
To Clock       : altpll0:inst|altpll:altpll_component|_clk0
Failed Paths   : 0

Type           : Clock Setup: 'altpll1:inst11|altpll:altpll_component|_clk0'
Slack          : 57.847 ns
Required Time  : 14.73 MHz ( period = 67.901 ns )
Actual Time    : 99.46 MHz ( period = 10.054 ns )
From           : UART_INTERFACE:inst1|fifo1:inst13|scfifo:scfifo_component|scfifo_uq21:auto_generated|a_dpfifo_5131:dpfifo|dpram_vt01:FIFOram|altsyncram_6sj1:altsyncram2|ram_block3a0~portb_address_reg6
To             : UART_INTERFACE:inst1|fifo0:inst8|scfifo:scfifo_component|scfifo_h521:auto_generated|a_dpfifo_ob21:dpfifo|altsyncram_1a81:FIFOram|ram_block1a0~porta_datain_reg0
From Clock     : altpll1:inst11|altpll:altpll_component|_clk0
To Clock       : altpll1:inst11|altpll:altpll_component|_clk0
Failed Paths   : 0

Type           : Clock Setup: 'AUD_DACLR'
Slack          : N/A
Required Time  : None
Actual Time    : 185.46 MHz ( period = 5.392 ns )
From           : DAC_BEEP:inst45|lpm_dff_db0:inst2|lpm_ff:lpm_ff_component|dffs[3]
To             : DAC_BEEP:inst45|altsyncram_db0:inst8|altsyncram:altsyncram_component|altsyncram_koa1:auto_generated|ram_block1a7~porta_address_reg3
From Clock     : AUD_DACLR
To Clock       : AUD_DACLR
Failed Paths   : 0

Type           : Clock Setup: 'AUD_BCLK'
Slack          : N/A
Required Time  : None
Actual Time    : 317.66 MHz ( period = 3.148 ns )
From           : DAC_BEEP:inst45|lpm_shiftreg_db0:inst6|lpm_shiftreg:lpm_shiftreg_component|dffs[30]
To             : DAC_BEEP:inst45|lpm_shiftreg_db0:inst6|lpm_shiftreg:lpm_shiftreg_component|dffs[31]
From Clock     : AUD_BCLK
To Clock       : AUD_BCLK
Failed Paths   : 0

Type           : Clock Hold: 'altpll0:inst|altpll:altpll_component|_clk1'
Slack          : -2.395 ns
Required Time  : 25.00 MHz ( period = 40.000 ns )
Actual Time    : N/A
From           : I2C_INTERFACE:inst43|I2C_master:inst|inst7
To             : I2C_INTERFACE:inst43|I2C_master:inst|i2c_ctrl:inst2|state.get_data
From Clock     : altpll0:inst|altpll:altpll_component|_clk1
To Clock       : altpll0:inst|altpll:altpll_component|_clk1
Failed Paths   : 35

Type           : Clock Hold: 'altpll0:inst|altpll:altpll_component|_clk0'
Slack          : -1.213 ns
Required Time  : 12.50 MHz ( period = 80.000 ns )
Actual Time    : N/A
From           : DIG_IN:inst5|B_DI[6]
To             : I2C_INTERFACE:inst43|I2C_master:inst|lpm_dff_i2c0:inst22|lpm_ff:lpm_ff_component|dffs[6]
From Clock     : altpll0:inst|altpll:altpll_component|_clk0
To Clock       : altpll0:inst|altpll:altpll_component|_clk0
Failed Paths   : 56

Type           : Clock Hold: 'altpll1:inst11|altpll:altpll_component|_clk0'
Slack          : 0.391 ns
Required Time  : 14.73 MHz ( period = 67.901 ns )
Actual Time    : N/A
From           : UART_INTERFACE:inst1|UART:inst2|uart_tx_data_block[7]
To             : UART_INTERFACE:inst1|UART:inst2|uart_tx_data_block[7]
From Clock     : altpll1:inst11|altpll:altpll_component|_clk0
To Clock       : altpll1:inst11|altpll:altpll_component|_clk0
Failed Paths   : 0

Type           : Clock Hold: 'altpll0:inst|altpll:altpll_component|_clk2'
Slack          : 0.529 ns
Required Time  : 100.00 MHz ( period = 10.000 ns )
Actual Time    : N/A
From           : VEL_CONTROL:inst51|lpm_counter:counter|cntr_gkj:auto_generated|safe_q[11]
To             : VEL_CONTROL:inst51|lpm_counter:counter|cntr_gkj:auto_generated|safe_q[11]
From Clock     : altpll0:inst|altpll:altpll_component|_clk2
To Clock       : altpll0:inst|altpll:altpll_component|_clk2
Failed Paths   : 0

Type           : Total number of failed paths
Slack          : 
Required Time  : 
Actual Time    : 
From           : 
To             : 
From Clock     : 
To Clock       : 
Failed Paths   : 91

--------------------------------------------------------------------------------------

